01/24 nke_revenue_text: completed
02/24 nke_revenue_xbrl: completed
03/24 nke_revenue_hybrid: completed
04/24 nke_revenue_llm_only: completed
05/24 nke_inventory_text: completed
06/24 nke_inventory_xbrl: completed
07/24 nke_inventory_hybrid: completed
08/24 nke_inventory_llm_only: completed
09/24 sbux_revenue_text: completed
10/24 sbux_revenue_xbrl: completed
11/24 sbux_revenue_hybrid: completed
12/24 sbux_revenue_llm_only: completed
13/24 sbux_inventory_text: completed
14/24 sbux_inventory_xbrl: completed
15/24 sbux_inventory_hybrid: completed
16/24 sbux_inventory_llm_only: completed
17/24 tgt_revenue_text: completed
18/24 tgt_revenue_xbrl: completed
19/24 tgt_revenue_hybrid: completed
20/24 tgt_revenue_llm_only: completed
21/24 tgt_inventory_text: completed
22/24 tgt_inventory_xbrl: completed
23/24 tgt_inventory_hybrid: completed
24/24 tgt_inventory_llm_only: completed
